2024-10-27 08:03:20 user_guest: SELECT pedunculo FROM Mandarinas WHERE pedunculo = 1;
2024-10-27 08:04:55 user_admin: SELECT color, tamaño FROM Mandarinas;
2024-10-27 08:04:02 user_guest: SELECT fecha_recogida FROM Mandarinas WHERE fecha_recogida BETWEEN '2024-01-01' AND '2024-12-31';
2024-10-27 08:04:55 user_admin: SELECT color, tamaño FROM Mandarinas;
2024-10-27 10:26:30 user_guest: UPDATE Caquis SET pedunculo = 0 WHERE id_caqui = 15;
2024-10-27 08:04:55 user_admin: SELECT color, tamaño FROM Mandarinas;
2024-10-27 08:02:45 user_manager: SELECT tamaño FROM Mandarinas WHERE tamaño = 'grande';
2024-10-27 08:04:02 user_guest: SELECT fecha_recogida FROM Mandarinas WHERE fecha_recogida BETWEEN '2024-01-01' AND '2024-12-31';
2024-10-27 08:01:10 user_admin: SELECT color FROM Mandarinas WHERE color = 'verde';
2024-10-27 08:04:02 user_guest: SELECT fecha_recogida FROM Mandarinas WHERE fecha_recogida BETWEEN '2024-01-01' AND '2024-12-31';
2024-10-27 08:04:55 user_admin: SELECT color, tamaño FROM Mandarinas;
2024-10-27 08:01:10 user_admin: SELECT color FROM Mandarinas WHERE color = 'verde';
2024-10-27 08:04:02 user_guest: SELECT fecha_recogida FROM Mandarinas WHERE fecha_recogida BETWEEN '2024-01-01' AND '2024-12-31';
2024-10-27 08:04:55 user_admin: SELECT color, tamaño FROM Mandarinas;
2024-10-27 08:02:45 user_manager: SELECT tamaño FROM Mandarinas WHERE tamaño = 'grande';
2024-10-27 08:01:10 user_admin: SELECT color FROM Mandarinas WHERE color = 'verde';
2024-10-27 08:04:02 user_guest: SELECT fecha_recogida FROM Mandarinas WHERE fecha_recogida BETWEEN '2024-01-01' AND '2024-12-31';
2024-10-27 08:04:55 user_admin: SELECT color, tamaño FROM Mandarinas;
2024-10-27 08:04:02 user_guest: SELECT fecha_recogida FROM Mandarinas WHERE fecha_recogida BETWEEN '2024-01-01' AND '2024-12-31';
2024-10-27 08:04:02 user_guest: SELECT fecha_recogida FROM Mandarinas WHERE fecha_recogida BETWEEN '2024-01-01' AND '2024-12-31';
2024-10-27 08:04:55 user_admin: SELECT color, tamaño FROM Mandarinas;
2024-10-27 08:04:55 user_admin: SELECT color, tamaño FROM Mandarinas;
2024-10-27 08:04:02 user_guest: SELECT fecha_recogida FROM Mandarinas WHERE fecha_recogida BETWEEN '2024-01-01' AND '2024-12-31';
2024-10-27 08:04:55 user_admin: SELECT color, tamaño FROM Mandarinas;
2024-10-27 08:02:45 user_manager: SELECT tamaño FROM Mandarinas WHERE tamaño = 'grande';
2024-10-27 08:02:45 user_manager: SELECT tamaño FROM Mandarinas WHERE tamaño = 'grande';
2024-10-27 08:04:02 user_guest: SELECT fecha_recogida FROM Mandarinas WHERE fecha_recogida BETWEEN '2024-01-01' AND '2024-12-31';
2024-10-27 08:01:10 user_admin: SELECT color FROM Mandarinas WHERE color = 'verde';
2024-10-27 08:04:55 user_admin: SELECT color, tamaño FROM Mandarinas;
2024-10-27 08:02:45 user_manager: SELECT tamaño FROM Mandarinas WHERE tamaño = 'grande';
2024-10-27 08:03:20 user_guest: SELECT pedunculo FROM Mandarinas WHERE pedunculo = 1;
2024-10-27 08:03:20 user_guest: SELECT pedunculo FROM Mandarinas WHERE pedunculo = 1;
2024-10-27 08:03:20 user_guest: SELECT pedunculo FROM Mandarinas WHERE pedunculo = 1;
2024-10-27 08:04:02 user_guest: SELECT fecha_recogida FROM Mandarinas WHERE fecha_recogida BETWEEN '2024-01-01' AND '2024-12-31';
2024-10-27 08:04:55 user_admin: SELECT color, tamaño FROM Mandarinas;
2024-10-27 08:01:10 user_admin: SELECT color FROM Mandarinas WHERE color = 'verde';
2024-10-27 08:01:10 user_admin: SELECT color FROM Mandarinas WHERE color = 'verde';
2024-10-27 08:03:20 user_guest: SELECT pedunculo FROM Mandarinas WHERE pedunculo = 1;
2024-10-27 08:03:20 user_guest: SELECT pedunculo FROM Mandarinas WHERE pedunculo = 1;
2024-10-27 10:35:00 user_manager: INSERT INTO Mandarinas (color, tipo, size, fecha_recogida) VALUES ('amarillo', 'Satsuma', 'pequeña', '2024-10-27');
2024-10-27 08:03:20 user_guest: SELECT pedunculo FROM Mandarinas WHERE pedunculo = 1;
2024-10-27 08:04:55 user_admin: SELECT color, tamaño FROM Mandarinas;
2024-10-27 08:04:02 user_guest: SELECT fecha_recogida FROM Mandarinas WHERE fecha_recogida BETWEEN '2024-01-01' AND '2024-12-31';
2024-10-27 08:04:55 user_admin: SELECT color, tamaño FROM Mandarinas;
2024-10-27 08:02:45 user_manager: SELECT tamaño FROM Mandarinas WHERE tamaño = 'grande';
2024-10-27 08:04:55 user_admin: SELECT color, tamaño FROM Mandarinas;
2024-10-27 08:01:10 user_admin: SELECT color FROM Mandarinas WHERE color = 'verde';
2024-10-27 08:03:20 user_guest: SELECT pedunculo FROM Mandarinas WHERE pedunculo = 1;
2024-10-27 08:03:20 user_guest: SELECT pedunculo FROM Mandarinas WHERE pedunculo = 1;
2024-10-27 08:04:55 user_admin: SELECT color, tamaño FROM Mandarinas;
2024-10-27 08:01:10 user_admin: SELECT color FROM Mandarinas WHERE color = 'verde';
2024-10-27 10:31:25 user_admin: SELECT tipo, suavidad FROM Melocotones WHERE suavidad = 1;
2024-10-27 08:02:45 user_manager: SELECT tamaño FROM Mandarinas WHERE tamaño = 'grande';
2024-10-27 08:04:02 user_guest: SELECT fecha_recogida FROM Mandarinas WHERE fecha_recogida BETWEEN '2024-01-01' AND '2024-12-31';
2024-10-27 08:01:10 user_admin: SELECT color FROM Mandarinas WHERE color = 'verde';
2024-10-27 08:04:55 user_admin: SELECT color, tamaño FROM Mandarinas;
2024-10-27 08:02:45 user_manager: SELECT tamaño FROM Mandarinas WHERE tamaño = 'grande';
2024-10-27 08:03:20 user_guest: SELECT pedunculo FROM Mandarinas WHERE pedunculo = 1;
2024-10-27 08:04:02 user_guest: SELECT fecha_recogida FROM Mandarinas WHERE fecha_recogida BETWEEN '2024-01-01' AND '2024-12-31';
2024-10-27 08:01:10 user_admin: SELECT color FROM Mandarinas WHERE color = 'verde';
2024-10-27 08:03:20 user_guest: SELECT pedunculo FROM Mandarinas WHERE pedunculo = 1;
2024-10-27 08:01:10 user_admin: SELECT color FROM Mandarinas WHERE color = 'verde';
2024-10-27 08:01:10 user_admin: SELECT color FROM Mandarinas WHERE color = 'verde';
2024-10-27 08:01:10 user_admin: SELECT color FROM Mandarinas WHERE color = 'verde';
2024-10-27 08:03:20 user_guest: SELECT pedunculo FROM Mandarinas WHERE pedunculo = 1;
2024-10-27 08:03:20 user_guest: SELECT pedunculo FROM Mandarinas WHERE pedunculo = 1;
2024-10-27 08:01:10 user_admin: SELECT color FROM Mandarinas WHERE color = 'verde';
2024-10-27 08:03:20 user_guest: SELECT pedunculo FROM Mandarinas WHERE pedunculo = 1;
2024-10-27 08:04:02 user_guest: SELECT fecha_recogida FROM Mandarinas WHERE fecha_recogida BETWEEN '2024-01-01' AND '2024-12-31';
2024-10-27 10:25:35 user_manager: INSERT INTO Mandarinas (color, tipo, size, fecha_recogida) VALUES ('naranja', 'Clementina', 'mediana', '2024-10-27');
2024-10-27 08:01:10 user_admin: SELECT color FROM Mandarinas WHERE color = 'verde';
2024-10-27 08:03:20 user_guest: SELECT pedunculo FROM Mandarinas WHERE pedunculo = 1;
2024-10-27 08:02:45 user_manager: SELECT tamaño FROM Mandarinas WHERE tamaño = 'grande';
2024-10-27 08:04:55 user_admin: SELECT color, tamaño FROM Mandarinas;
2024-10-27 08:02:45 user_manager: SELECT tamaño FROM Mandarinas WHERE tamaño = 'grande';
2024-10-27 08:04:02 user_guest: SELECT fecha_recogida FROM Mandarinas WHERE fecha_recogida BETWEEN '2024-01-01' AND '2024-12-31';
2024-10-27 08:04:55 user_admin: SELECT color, tamaño FROM Mandarinas;
2024-10-27 10:26:02 user_admin: INSERT INTO Melocotones (tipo, suavidad) VALUES ('Paraguayo', 1);
2024-10-27 08:04:55 user_admin: SELECT color, tamaño FROM Mandarinas;
2024-10-27 08:03:20 user_guest: SELECT pedunculo FROM Mandarinas WHERE pedunculo = 1;
2024-10-27 08:03:20 user_guest: SELECT pedunculo FROM Mandarinas WHERE pedunculo = 1;
2024-10-27 08:01:10 user_admin: SELECT color FROM Mandarinas WHERE color = 'verde';
2024-10-27 10:22:30 user_manager: SELECT tipo, suavidad FROM Melocotones WHERE tipo = 'Durazno';
2024-10-27 08:04:55 user_admin: SELECT color, tamaño FROM Mandarinas;
2024-10-27 10:24:00 user_guest: SELECT color FROM Mandarinas WHERE color = 'verde';
2024-10-27 08:03:20 user_guest: SELECT pedunculo FROM Mandarinas WHERE pedunculo = 1;
2024-10-27 08:03:20 user_guest: SELECT pedunculo FROM Mandarinas WHERE pedunculo = 1;
2024-10-27 08:04:55 user_admin: SELECT color, tamaño FROM Mandarinas;
2024-10-27 08:01:10 user_admin: SELECT color FROM Mandarinas WHERE color = 'verde';
2024-10-27 08:01:10 user_admin: SELECT color FROM Mandarinas WHERE color = 'verde';
2024-10-27 08:04:55 user_admin: SELECT color, tamaño FROM Mandarinas;
2024-10-27 08:02:45 user_manager: SELECT tamaño FROM Mandarinas WHERE tamaño = 'grande';
2024-10-27 08:04:55 user_admin: SELECT color, tamaño FROM Mandarinas;
2024-10-27 08:01:10 user_admin: SELECT color FROM Mandarinas WHERE color = 'verde';
2024-10-27 08:04:55 user_admin: SELECT color, tamaño FROM Mandarinas;
2024-10-27 08:03:20 user_guest: SELECT pedunculo FROM Mandarinas WHERE pedunculo = 1;
2024-10-27 08:03:20 user_guest: SELECT pedunculo FROM Mandarinas WHERE pedunculo = 1;
2024-10-27 08:03:20 user_guest: SELECT pedunculo FROM Mandarinas WHERE pedunculo = 1;
2024-10-27 08:04:02 user_guest: SELECT fecha_recogida FROM Mandarinas WHERE fecha_recogida BETWEEN '2024-01-01' AND '2024-12-31';
2024-10-27 08:04:55 user_admin: SELECT color, tamaño FROM Mandarinas;
2024-10-27 08:01:10 user_admin: SELECT color FROM Mandarinas WHERE color = 'verde';
2024-10-27 08:03:20 user_guest: SELECT pedunculo FROM Mandarinas WHERE pedunculo = 1;
2024-10-27 08:02:45 user_manager: SELECT tamaño FROM Mandarinas WHERE tamaño = 'grande';
2024-10-27 10:31:05 user_manager: SELECT color FROM Caquis WHERE color = 'rojo';
2024-10-27 08:01:10 user_admin: SELECT color FROM Mandarinas WHERE color = 'verde';
2024-10-27 08:04:02 user_guest: SELECT fecha_recogida FROM Mandarinas WHERE fecha_recogida BETWEEN '2024-01-01' AND '2024-12-31';
2024-10-27 08:02:45 user_manager: SELECT tamaño FROM Mandarinas WHERE tamaño = 'grande';
2024-10-27 08:03:20 user_guest: SELECT pedunculo FROM Mandarinas WHERE pedunculo = 1;
2024-10-27 08:01:10 user_admin: SELECT color FROM Mandarinas WHERE color = 'verde';
2024-10-27 08:02:45 user_manager: SELECT tamaño FROM Mandarinas WHERE tamaño = 'grande';
2024-10-27 08:04:02 user_guest: SELECT fecha_recogida FROM Mandarinas WHERE fecha_recogida BETWEEN '2024-01-01' AND '2024-12-31';
2024-10-27 08:03:20 user_guest: SELECT pedunculo FROM Mandarinas WHERE pedunculo = 1;
2024-10-27 08:01:10 user_admin: SELECT color FROM Mandarinas WHERE color = 'verde';
2024-10-27 08:04:55 user_admin: SELECT color, tamaño FROM Mandarinas;
2024-10-27 08:02:45 user_manager: SELECT tamaño FROM Mandarinas WHERE tamaño = 'grande';
2024-10-27 08:03:20 user_guest: SELECT pedunculo FROM Mandarinas WHERE pedunculo = 1;
2024-10-27 08:04:02 user_guest: SELECT fecha_recogida FROM Mandarinas WHERE fecha_recogida BETWEEN '2024-01-01' AND '2024-12-31';
2024-10-27 08:04:55 user_admin: SELECT color, tamaño FROM Mandarinas;
2024-10-27 08:02:45 user_manager: SELECT tamaño FROM Mandarinas WHERE tamaño = 'grande';
2024-10-27 08:01:10 user_admin: SELECT color FROM Mandarinas WHERE color = 'verde';
2024-10-27 08:01:10 user_admin: SELECT color FROM Mandarinas WHERE color = 'verde';
2024-10-27 08:03:20 user_guest: SELECT pedunculo FROM Mandarinas WHERE pedunculo = 1;
2024-10-27 08:04:02 user_guest: SELECT fecha_recogida FROM Mandarinas WHERE fecha_recogida BETWEEN '2024-01-01' AND '2024-12-31';
2024-10-27 08:04:55 user_admin: SELECT color, tamaño FROM Mandarinas;
2024-10-27 08:04:55 user_admin: SELECT color, tamaño FROM Mandarinas;
2024-10-27 08:04:02 user_guest: SELECT fecha_recogida FROM Mandarinas WHERE fecha_recogida BETWEEN '2024-01-01' AND '2024-12-31';
2024-10-27 08:03:20 user_guest: SELECT pedunculo FROM Mandarinas WHERE pedunculo = 1;
2024-10-27 08:02:45 user_manager: SELECT tamaño FROM Mandarinas WHERE tamaño = 'grande';
2024-10-27 08:04:02 user_guest: SELECT fecha_recogida FROM Mandarinas WHERE fecha_recogida BETWEEN '2024-01-01' AND '2024-12-31';
2024-10-27 10:27:10 user_admin: DELETE FROM Melocotones WHERE id_melocoton = 20;
2024-10-27 08:03:20 user_guest: SELECT pedunculo FROM Mandarinas WHERE pedunculo = 1;
2024-10-27 08:02:45 user_manager: SELECT tamaño FROM Mandarinas WHERE tamaño = 'grande';
2024-10-27 08:04:55 user_admin: SELECT color, tamaño FROM Mandarinas;
2024-10-27 08:03:20 user_guest: SELECT pedunculo FROM Mandarinas WHERE pedunculo = 1;
2024-10-27 08:04:55 user_admin: SELECT color, tamaño FROM Mandarinas;
2024-10-27 08:02:45 user_manager: SELECT tamaño FROM Mandarinas WHERE tamaño = 'grande';
2024-10-27 08:02:45 user_manager: SELECT tamaño FROM Mandarinas WHERE tamaño = 'grande';
2024-10-27 08:02:45 user_manager: SELECT tamaño FROM Mandarinas WHERE tamaño = 'grande';
2024-10-27 08:02:45 user_manager: SELECT tamaño FROM Mandarinas WHERE tamaño = 'grande';
2024-10-27 08:02:45 user_manager: SELECT tamaño FROM Mandarinas WHERE tamaño = 'grande';
2024-10-27 08:03:20 user_guest: SELECT pedunculo FROM Mandarinas WHERE pedunculo = 1;
2024-10-27 08:02:45 user_manager: SELECT tamaño FROM Mandarinas WHERE tamaño = 'grande';
2024-10-27 08:01:10 user_admin: SELECT color FROM Mandarinas WHERE color = 'verde';
2024-10-27 08:04:02 user_guest: SELECT fecha_recogida FROM Mandarinas WHERE fecha_recogida BETWEEN '2024-01-01' AND '2024-12-31';
2024-10-27 08:02:45 user_manager: SELECT tamaño FROM Mandarinas WHERE tamaño = 'grande';
2024-10-27 08:01:10 user_admin: SELECT color FROM Mandarinas WHERE color = 'verde';
2024-10-27 08:01:10 user_admin: SELECT color FROM Mandarinas WHERE color = 'verde';
2024-10-27 08:04:02 user_guest: SELECT fecha_recogida FROM Mandarinas WHERE fecha_recogida BETWEEN '2024-01-01' AND '2024-12-31';
2024-10-27 08:01:10 user_admin: SELECT color FROM Mandarinas WHERE color = 'verde';
2024-10-27 08:01:10 user_admin: SELECT color FROM Mandarinas WHERE color = 'verde';
2024-10-27 08:04:02 user_guest: SELECT fecha_recogida FROM Mandarinas WHERE fecha_recogida BETWEEN '2024-01-01' AND '2024-12-31';
2024-10-27 10:30:45 user_guest: SELECT color, size FROM Mandarinas;
2024-10-27 08:03:20 user_guest: SELECT pedunculo FROM Mandarinas WHERE pedunculo = 1;
2024-10-27 08:04:02 user_guest: SELECT fecha_recogida FROM Mandarinas WHERE fecha_recogida BETWEEN '2024-01-01' AND '2024-12-31';
2024-10-27 08:03:20 user_guest: SELECT pedunculo FROM Mandarinas WHERE pedunculo = 1;
2024-10-27 08:04:02 user_guest: SELECT fecha_recogida FROM Mandarinas WHERE fecha_recogida BETWEEN '2024-01-01' AND '2024-12-31';
2024-10-27 08:04:02 user_guest: SELECT fecha_recogida FROM Mandarinas WHERE fecha_recogida BETWEEN '2024-01-01' AND '2024-12-31';
2024-10-27 08:01:10 user_admin: SELECT color FROM Mandarinas WHERE color = 'verde';
2024-10-27 08:01:10 user_admin: SELECT color FROM Mandarinas WHERE color = 'verde';
2024-10-27 08:04:02 user_guest: SELECT fecha_recogida FROM Mandarinas WHERE fecha_recogida BETWEEN '2024-01-01' AND '2024-12-31';
2024-10-27 08:01:10 user_admin: SELECT color FROM Mandarinas WHERE color = 'verde';
2024-10-27 08:04:02 user_guest: SELECT fecha_recogida FROM Mandarinas WHERE fecha_recogida BETWEEN '2024-01-01' AND '2024-12-31';
2024-10-27 10:23:15 user_admin: SELECT pedunculo FROM Caquis WHERE pedunculo = 1;
2024-10-27 08:02:45 user_manager: SELECT tamaño FROM Mandarinas WHERE tamaño = 'grande';
2024-10-27 08:03:20 user_guest: SELECT pedunculo FROM Mandarinas WHERE pedunculo = 1;
2024-10-27 08:03:20 user_guest: SELECT pedunculo FROM Mandarinas WHERE pedunculo = 1;
2024-10-27 08:02:45 user_manager: SELECT tamaño FROM Mandarinas WHERE tamaño = 'grande';
2024-10-27 08:04:02 user_guest: SELECT fecha_recogida FROM Mandarinas WHERE fecha_recogida BETWEEN '2024-01-01' AND '2024-12-31';
2024-10-27 08:04:55 user_admin: SELECT color, tamaño FROM Mandarinas;
2024-10-27 08:03:20 user_guest: SELECT pedunculo FROM Mandarinas WHERE pedunculo = 1;
2024-10-27 08:01:10 user_admin: SELECT color FROM Mandarinas WHERE color = 'verde';
2024-10-27 08:04:55 user_admin: SELECT color, tamaño FROM Mandarinas;
2024-10-27 08:01:10 user_admin: SELECT color FROM Mandarinas WHERE color = 'verde';
2024-10-27 08:04:55 user_admin: SELECT color, tamaño FROM Mandarinas;
2024-10-27 08:02:45 user_manager: SELECT tamaño FROM Mandarinas WHERE tamaño = 'grande';
2024-10-27 08:02:45 user_manager: SELECT tamaño FROM Mandarinas WHERE tamaño = 'grande';
2024-10-27 08:03:20 user_guest: SELECT pedunculo FROM Mandarinas WHERE pedunculo = 1;
2024-10-27 08:04:55 user_admin: SELECT color, tamaño FROM Mandarinas;
2024-10-27 08:04:02 user_guest: SELECT fecha_recogida FROM Mandarinas WHERE fecha_recogida BETWEEN '2024-01-01' AND '2024-12-31';
2024-10-27 08:04:02 user_guest: SELECT fecha_recogida FROM Mandarinas WHERE fecha_recogida BETWEEN '2024-01-01' AND '2024-12-31';
2024-10-27 08:03:20 user_guest: SELECT pedunculo FROM Mandarinas WHERE pedunculo = 1;
2024-10-27 08:03:20 user_guest: SELECT pedunculo FROM Mandarinas WHERE pedunculo = 1;
2024-10-27 08:04:02 user_guest: SELECT fecha_recogida FROM Mandarinas WHERE fecha_recogida BETWEEN '2024-01-01' AND '2024-12-31';
2024-10-27 08:01:10 user_admin: SELECT color FROM Mandarinas WHERE color = 'verde';
2024-10-27 08:04:02 user_guest: SELECT fecha_recogida FROM Mandarinas WHERE fecha_recogida BETWEEN '2024-01-01' AND '2024-12-31';
2024-10-27 08:04:02 user_guest: SELECT fecha_recogida FROM Mandarinas WHERE fecha_recogida BETWEEN '2024-01-01' AND '2024-12-31';
2024-10-27 08:02:45 user_manager: SELECT tamaño FROM Mandarinas WHERE tamaño = 'grande';
2024-10-27 08:02:45 user_manager: SELECT tamaño FROM Mandarinas WHERE tamaño = 'grande';
2024-10-27 08:01:10 user_admin: SELECT color FROM Mandarinas WHERE color = 'verde';
2024-10-27 08:01:10 user_admin: SELECT color FROM Mandarinas WHERE color = 'verde';
2024-10-27 08:02:45 user_manager: SELECT tamaño FROM Mandarinas WHERE tamaño = 'grande';
2024-10-27 08:04:02 user_guest: SELECT fecha_recogida FROM Mandarinas WHERE fecha_recogida BETWEEN '2024-01-01' AND '2024-12-31';
2024-10-27 08:04:55 user_admin: SELECT color, tamaño FROM Mandarinas;
2024-10-27 08:04:55 user_admin: SELECT color, tamaño FROM Mandarinas;
2024-10-27 08:02:45 user_manager: SELECT tamaño FROM Mandarinas WHERE tamaño = 'grande';
2024-10-27 08:04:55 user_admin: SELECT color, tamaño FROM Mandarinas;
2024-10-27 08:01:10 user_admin: SELECT color FROM Mandarinas WHERE color = 'verde';
2024-10-27 08:04:02 user_guest: SELECT fecha_recogida FROM Mandarinas WHERE fecha_recogida BETWEEN '2024-01-01' AND '2024-12-31';
2024-10-27 08:04:02 user_guest: SELECT fecha_recogida FROM Mandarinas WHERE fecha_recogida BETWEEN '2024-01-01' AND '2024-12-31';
2024-10-27 08:04:55 user_admin: SELECT color, tamaño FROM Mandarinas;
2024-10-27 08:04:02 user_guest: SELECT fecha_recogida FROM Mandarinas WHERE fecha_recogida BETWEEN '2024-01-01' AND '2024-12-31';
2024-10-27 08:03:20 user_guest: SELECT pedunculo FROM Mandarinas WHERE pedunculo = 1;
2024-10-27 08:02:45 user_manager: SELECT tamaño FROM Mandarinas WHERE tamaño = 'grande';
2024-10-27 08:02:45 user_manager: SELECT tamaño FROM Mandarinas WHERE tamaño = 'grande';
2024-10-27 08:04:55 user_admin: SELECT color, tamaño FROM Mandarinas;
2024-10-27 08:04:55 user_admin: SELECT color, tamaño FROM Mandarinas;
2024-10-27 08:02:45 user_manager: SELECT tamaño FROM Mandarinas WHERE tamaño = 'grande';
2024-10-27 08:01:10 user_admin: SELECT color FROM Mandarinas WHERE color = 'verde';
2024-10-27 08:01:10 user_admin: SELECT color FROM Mandarinas WHERE color = 'verde';
2024-10-27 08:02:45 user_manager: SELECT tamaño FROM Mandarinas WHERE tamaño = 'grande';
2024-10-27 08:03:20 user_guest: SELECT pedunculo FROM Mandarinas WHERE pedunculo = 1;
2024-10-27 08:01:10 user_admin: SELECT color FROM Mandarinas WHERE color = 'verde';
2024-10-27 08:02:45 user_manager: SELECT tamaño FROM Mandarinas WHERE tamaño = 'grande';
2024-10-27 08:02:45 user_manager: SELECT tamaño FROM Mandarinas WHERE tamaño = 'grande';
2024-10-27 08:01:10 user_admin: SELECT color FROM Mandarinas WHERE color = 'verde';
2024-10-27 08:03:20 user_guest: SELECT pedunculo FROM Mandarinas WHERE pedunculo = 1;
2024-10-27 08:02:45 user_manager: SELECT tamaño FROM Mandarinas WHERE tamaño = 'grande';
2024-10-27 08:03:20 user_guest: SELECT pedunculo FROM Mandarinas WHERE pedunculo = 1;
2024-10-27 08:04:55 user_admin: SELECT color, tamaño FROM Mandarinas;
2024-10-27 08:04:02 user_guest: SELECT fecha_recogida FROM Mandarinas WHERE fecha_recogida BETWEEN '2024-01-01' AND '2024-12-31';
2024-10-27 08:02:45 user_manager: SELECT tamaño FROM Mandarinas WHERE tamaño = 'grande';
2024-10-27 08:02:45 user_manager: SELECT tamaño FROM Mandarinas WHERE tamaño = 'grande';
2024-10-27 08:04:55 user_admin: SELECT color, tamaño FROM Mandarinas;
2024-10-27 08:04:02 user_guest: SELECT fecha_recogida FROM Mandarinas WHERE fecha_recogida BETWEEN '2024-01-01' AND '2024-12-31';
2024-10-27 08:04:02 user_guest: SELECT fecha_recogida FROM Mandarinas WHERE fecha_recogida BETWEEN '2024-01-01' AND '2024-12-31';
2024-10-27 08:01:10 user_admin: SELECT color FROM Mandarinas WHERE color = 'verde';
2024-10-27 08:04:02 user_guest: SELECT fecha_recogida FROM Mandarinas WHERE fecha_recogida BETWEEN '2024-01-01' AND '2024-12-31';
2024-10-27 08:03:20 user_guest: SELECT pedunculo FROM Mandarinas WHERE pedunculo = 1;
2024-10-27 08:02:45 user_manager: SELECT tamaño FROM Mandarinas WHERE tamaño = 'grande';
2024-10-27 08:02:45 user_manager: SELECT tamaño FROM Mandarinas WHERE tamaño = 'grande';
2024-10-27 08:01:10 user_admin: SELECT color FROM Mandarinas WHERE color = 'verde';
2024-10-27 08:02:45 user_manager: SELECT tamaño FROM Mandarinas WHERE tamaño = 'grande';
2024-10-27 08:04:55 user_admin: SELECT color, tamaño FROM Mandarinas;
2024-10-27 08:03:20 user_guest: SELECT pedunculo FROM Mandarinas WHERE pedunculo = 1;
